
NAME
    Convert-NcrementManifestToNugetTokens
    
SYNOPSIS
    Serializes a [Manifest] object to a nuget tokens.
    
    
SYNTAX
    Convert-NcrementManifestToNugetTokens [-Manifest] <Object> [<CommonParameters>]
    
    
DESCRIPTION
    

PARAMETERS
    -Manifest <Object>
        The [Manifest] object.
        
        Required?                    true
        Position?                    1
        Default value                
        Accept pipeline input?       true (ByValue)
        Accept wildcard characters?  false
        
    <CommonParameters>
        This cmdlet supports the common parameters: Verbose, Debug,
        ErrorAction, ErrorVariable, WarningAction, WarningVariable,
        OutBuffer, PipelineVariable, and OutVariable. For more information, see 
        about_CommonParameters (https:/go.microsoft.com/fwlink/?LinkID=113216). 
    
INPUTS
    [Manifest]
    
    
OUTPUTS
    [String]
    
    
    -------------------------- EXAMPLE 1 --------------------------
    
    PS C:\>&nuget -Properties "$(Get-NcrementManifest | Convert-NcrementManifestToNugetTokens)";
    
    In this example, the [Manifest] is being piped to the function to be used as the value for the 'nuget.exe' -Properties argument.
    
    
    
    
    
RELATED LINKS
    Get-NcrementManifest 
    New-NcrementManifest 





